---
source: tests/cli_help.rs
expression: help
---
Manage zig versions and installations

Usage: cv zig [COMMAND]

Commands:
  list  List the available zig installations
  help  Print this message or the help of the given subcommand(s)

Options:
  -h, --help  Print help
