---
source: tests/cli_help.rs
expression: help
---
A fast, minimal C/C++ toolchain manager.

Usage: cv [COMMAND]

Commands:
  zig      Manage zig versions and installations
  version  Display cv's version
  help     Print this message or the help of the given subcommand(s)

Options:
  -h, --help     Print help
  -V, --version  Print version
